// Jest Snapshot v1, https://goo.gl/fbAQLP

exports[`test Server component 1`] = `
<h1>
  TEST_HOSTNAME
</h1>
`;
