// Jest Snapshot v1, https://goo.gl/fbAQLP

exports[`test server component 1`] = `
<h1>
  test
</h1>
`;
